// Jest Snapshot v1, https://goo.gl/fbAQLP

exports[`Settings.DevText renders correctly 1`] = `
<RNCSafeAreaProvider
  onInsetsChange={[Function]}
  style={
    Array [
      Object {
        "flex": 1,
      },
      undefined,
    ]
  }
>
  <View
    style={
      Object {
        "flex": 1,
      }
    }
  >
    <RCTScrollView>
      <View>
        <Text
          selectable={true}
          style={
            Array [
              Object {
                "fontSize": 30,
              },
              Object {
                "color": "#383B62",
                "fontFamily": "Open Sans",
              },
              undefined,
            ]
          }
        >
          Hello World
        </Text>
      </View>
    </RCTScrollView>
  </View>
</RNCSafeAreaProvider>
`;
