// Jest Snapshot v1, https://goo.gl/fbAQLP

exports[`Onboarding.WebViews renders correctly 1`] = `
<RNCSafeAreaProvider
  onInsetsChange={[Function]}
  style={
    Array [
      Object {
        "flex": 1,
      },
      undefined,
    ]
  }
>
  <View
    style={
      Object {
        "flex": 1,
      }
    }
  >
    <View
      appearance="default"
      level="1"
      style={
        Array [
          Object {
            "backgroundColor": "#FFFFFF",
          },
          Object {
            "backgroundColor": "#FFFFFF",
            "flex": 1,
          },
        ]
      }
    >
      <View
        style={
          Array [
            Object {
              "bottom": 0,
              "left": 0,
              "position": "absolute",
              "right": 0,
              "top": 0,
            },
            Object {
              "elevation": 6,
              "zIndex": 6,
            },
          ]
        }
      >
        <View
          accessible={true}
          focusable={true}
          onClick={[Function]}
          onResponderGrant={[Function]}
          onResponderMove={[Function]}
          onResponderRelease={[Function]}
          onResponderTerminate={[Function]}
          onResponderTerminationRequest={[Function]}
          onStartShouldSetResponder={[Function]}
          style={
            Object {
              "bottom": 0,
              "height": 1334,
              "left": 0,
              "opacity": 1,
              "position": "absolute",
              "right": 0,
              "top": 0,
            }
          }
        >
          <BlurView
            blurAmount={10}
            blurType="light"
            style={
              Array [
                Object {
                  "backgroundColor": "transparent",
                },
                Array [
                  Object {
                    "bottom": 0,
                    "left": 0,
                    "position": "absolute",
                    "right": 0,
                    "top": 0,
                  },
                ],
              ]
            }
          />
        </View>
        <View
          style={
            Array [
              Object {
                "alignItems": "center",
                "height": 250,
                "justifyContent": "center",
                "top": "25%",
              },
              Object {
                "margin": 32,
              },
            ]
          }
        >
          <View
            style={
              Array [
                Object {
                  "paddingHorizontal": 16,
                },
                Object {
                  "paddingBottom": 16,
                },
                Object {
                  "borderRadius": 24,
                },
                Object {
                  "shadowOffset": Object {
                    "height": 6.5,
                    "width": 0,
                  },
                  "shadowOpacity": 0.2,
                  "shadowRadius": 13,
                },
                Object {
                  "backgroundColor": "#FFFFFF",
                  "shadowColor": "#000000",
                },
              ]
            }
          >
            <View
              style={
                Array [
                  Object {
                    "marginTop": 50,
                  },
                ]
              }
            >
              <View
                style={
                  Object {
                    "transform": Array [
                      Object {
                        "scale": 1,
                      },
                    ],
                  }
                }
              >
                <RNSVGMock
                  fill="#535AE4"
                  height={60}
                  style={
                    Array [
                      Object {
                        "alignSelf": "center",
                      },
                      Object {
                        "paddingTop": 24,
                      },
                    ]
                  }
                  viewBox="0 0 24 24"
                  width={60}
                />
              </View>
              <Text
                style={
                  Array [
                    Object {
                      "fontSize": 30,
                    },
                    Object {
                      "color": "#383B62",
                      "fontFamily": "Open Sans",
                    },
                    Array [
                      Object {
                        "textAlign": "center",
                      },
                      Object {
                        "paddingTop": 9,
                      },
                      Object {
                        "fontSize": 40,
                      },
                      Object {
                        "fontFamily": "Bold Open Sans",
                      },
                    ],
                  ]
                }
              >
                onboarding.web-views.title
              </Text>
              <Text
                appearance="default"
                category="p1"
                style={
                  Array [
                    Object {
                      "color": "#222B45",
                      "fontFamily": "Open Sans",
                      "fontSize": 15,
                      "fontWeight": "600",
                    },
                    Array [
                      Object {
                        "textAlign": "center",
                      },
                      Object {
                        "paddingTop": 20,
                      },
                      Object {
                        "paddingHorizontal": 16,
                      },
                    ],
                  ]
                }
              >
                <Text
                  style={
                    Array [
                      Object {
                        "fontSize": 30,
                      },
                      Object {
                        "color": "#383B62",
                        "fontFamily": "Open Sans",
                      },
                      Array [
                        Object {
                          "fontFamily": "Light Open Sans",
                        },
                      ],
                    ]
                  }
                >
                  onboarding.web-views.desc
                </Text>
              </Text>
            </View>
            <View
              style={
                Array [
                  Object {
                    "marginHorizontal": 16,
                  },
                  Object {
                    "marginTop": 16,
                  },
                ]
              }
            >
              <View
                style={
                  Object {
                    "alignItems": "stretch",
                    "flexDirection": "row",
                    "justifyContent": "space-evenly",
                  }
                }
              >
                <View
                  style={
                    Array [
                      Object {
                        "flex": 1,
                      },
                      Object {
                        "marginRight": 24,
                      },
                    ]
                  }
                >
                  <View
                    accessible={true}
                    focusable={true}
                    onClick={[Function]}
                    onResponderGrant={[Function]}
                    onResponderMove={[Function]}
                    onResponderRelease={[Function]}
                    onResponderTerminate={[Function]}
                    onResponderTerminationRequest={[Function]}
                    onStartShouldSetResponder={[Function]}
                    style={
                      Object {
                        "alignItems": "center",
                        "borderColor": "#D2D3E1",
                        "borderRadius": 8,
                        "borderWidth": 1,
                        "flexDirection": "row",
                        "height": 44,
                        "justifyContent": "center",
                        "opacity": 1,
                      }
                    }
                  >
                    <View
                      style={
                        Object {
                          "marginRight": 9,
                        }
                      }
                    >
                      <View
                        style={
                          Object {
                            "transform": Array [
                              Object {
                                "scale": 1,
                              },
                            ],
                          }
                        }
                      >
                        <RNSVGMock
                          fill="#D2D3E1"
                          height={25}
                          viewBox="0 0 24 24"
                          width={25}
                        />
                      </View>
                    </View>
                    <Text
                      style={
                        Array [
                          Object {
                            "fontSize": 30,
                          },
                          Object {
                            "color": "#383B62",
                            "fontFamily": "Open Sans",
                          },
                          Array [
                            Object {
                              "textTransform": "uppercase",
                            },
                            Object {
                              "color": "#D2D3E1",
                            },
                            Object {
                              "fontFamily": "Bold Open Sans",
                            },
                          ],
                        ]
                      }
                    >
                      onboarding.web-views.first-button
                    </Text>
                  </View>
                </View>
                <View
                  style={
                    Array [
                      Object {
                        "flex": 1,
                      },
                      Object {
                        "marginLeft": 24,
                      },
                    ]
                  }
                >
                  <View
                    accessibilityLabel="onboarding.web-views.second-button"
                    accessible={true}
                    focusable={true}
                    onClick={[Function]}
                    onResponderGrant={[Function]}
                    onResponderMove={[Function]}
                    onResponderRelease={[Function]}
                    onResponderTerminate={[Function]}
                    onResponderTerminationRequest={[Function]}
                    onStartShouldSetResponder={[Function]}
                    style={
                      Object {
                        "alignItems": "center",
                        "backgroundColor": "#EAEAFB",
                        "borderRadius": 8,
                        "flexDirection": "row",
                        "height": 44,
                        "justifyContent": "center",
                        "opacity": 1,
                      }
                    }
                  >
                    <View
                      style={
                        Object {
                          "marginRight": 9,
                        }
                      }
                    >
                      <View
                        style={
                          Object {
                            "transform": Array [
                              Object {
                                "scale": 1,
                              },
                            ],
                          }
                        }
                      >
                        <RNSVGMock
                          fill="#535AE4"
                          height={25}
                          viewBox="0 0 24 24"
                          width={25}
                        />
                      </View>
                    </View>
                    <Text
                      style={
                        Array [
                          Object {
                            "fontSize": 30,
                          },
                          Object {
                            "color": "#383B62",
                            "fontFamily": "Open Sans",
                          },
                          Array [
                            Object {
                              "textTransform": "uppercase",
                            },
                            Object {
                              "color": "#535AE4",
                            },
                            Object {
                              "fontFamily": "Bold Open Sans",
                            },
                          ],
                        ]
                      }
                    >
                      onboarding.web-views.second-button
                    </Text>
                  </View>
                </View>
              </View>
            </View>
          </View>
        </View>
      </View>
    </View>
  </View>
</RNCSafeAreaProvider>
`;

exports[`Onboarding.WebViews renders correctly 2`] = `
<RNCSafeAreaProvider
  onInsetsChange={[Function]}
  style={
    Array [
      Object {
        "flex": 1,
      },
      undefined,
    ]
  }
>
  <View
    style={
      Object {
        "flex": 1,
      }
    }
  >
    <View
      appearance="default"
      level="1"
      style={
        Array [
          Object {
            "backgroundColor": "#FFFFFF",
          },
          Object {
            "backgroundColor": "#FFFFFF",
            "flex": 1,
          },
        ]
      }
    >
      <View
        style={
          Array [
            Object {
              "flex": 1,
              "overflow": "hidden",
            },
            undefined,
          ]
        }
      >
        <RNCWebView
          cacheEnabled={true}
          injectedJavaScriptBeforeContentLoadedForMainFrameOnly={true}
          injectedJavaScriptForMainFrameOnly={true}
          javaScriptEnabled={true}
          messagingEnabled={false}
          onContentProcessDidTerminate={[Function]}
          onHttpError={[Function]}
          onLoadEnd={[Function]}
          onLoadStart={[Function]}
          onLoadingError={[Function]}
          onLoadingFinish={[Function]}
          onLoadingProgress={[Function]}
          onLoadingStart={[Function]}
          onMessage={[Function]}
          onShouldStartLoadWithRequest={[Function]}
          source={
            Object {
              "uri": "https://example.com",
            }
          }
          style={
            Array [
              Object {
                "flex": 1,
                "overflow": "hidden",
              },
              Object {
                "backgroundColor": "#ffffff",
              },
              undefined,
            ]
          }
          useSharedProcessPool={true}
        />
      </View>
    </View>
  </View>
</RNCSafeAreaProvider>
`;
