// Jest Snapshot v1, https://goo.gl/fbAQLP

exports[`Settings.Accounts renders correctly 1`] = `
<RNCSafeAreaProvider
  onInsetsChange={[Function]}
  style={
    Array [
      Object {
        "flex": 1,
      },
      undefined,
    ]
  }
>
  <View
    style={
      Object {
        "flex": 1,
      }
    }
  >
    <View
      style={
        Object {
          "backgroundColor": "#EDEDED",
          "flex": 1,
        }
      }
    >
      <RCTScrollView
        bounces={false}
        contentContainerStyle={
          Object {
            "paddingBottom": 12,
          }
        }
        showsVerticalScrollIndicator={false}
      >
        <View>
          <View
            style={
              Array [
                Object {
                  "marginTop": 24,
                },
                Object {
                  "marginHorizontal": 16,
                },
                Object {
                  "backgroundColor": "white",
                  "borderRadius": 14,
                },
              ]
            }
          >
            <View
              accessible={true}
              focusable={true}
              onClick={[Function]}
              onResponderGrant={[Function]}
              onResponderMove={[Function]}
              onResponderRelease={[Function]}
              onResponderTerminate={[Function]}
              onResponderTerminationRequest={[Function]}
              onStartShouldSetResponder={[Function]}
              style={
                Object {
                  "alignItems": "center",
                  "flexDirection": "row",
                  "height": 48,
                  "justifyContent": "space-between",
                  "opacity": 1,
                  "padding": 12,
                }
              }
            >
              <View
                style={
                  Object {
                    "width": "75%",
                  }
                }
              >
                <Text
                  numberOfLines={1}
                  style={
                    Array [
                      Object {
                        "fontSize": 30,
                      },
                      Object {
                        "color": "#383B62",
                        "fontFamily": "Open Sans",
                      },
                      Array [
                        Object {
                          "marginLeft": 9,
                        },
                      ],
                    ]
                  }
                >
                  settings.accounts.backup-button
                </Text>
              </View>
              <View
                style={
                  Object {
                    "transform": Array [
                      Object {
                        "scale": 1,
                      },
                    ],
                  }
                }
              >
                <RNSVGMock
                  fill="#393C63"
                  height={20}
                  viewBox="0 0 24 24"
                  width={20}
                />
              </View>
            </View>
          </View>
          <View
            style={
              Array [
                Object {
                  "marginTop": 24,
                },
                Object {
                  "marginHorizontal": 16,
                },
                Object {
                  "backgroundColor": "white",
                  "borderRadius": 14,
                },
              ]
            }
          >
            <View
              accessible={true}
              focusable={true}
              onClick={[Function]}
              onResponderGrant={[Function]}
              onResponderMove={[Function]}
              onResponderRelease={[Function]}
              onResponderTerminate={[Function]}
              onResponderTerminationRequest={[Function]}
              onStartShouldSetResponder={[Function]}
              style={
                Object {
                  "alignItems": "center",
                  "flexDirection": "row",
                  "height": 48,
                  "opacity": 1,
                  "paddingHorizontal": 16,
                }
              }
            >
              <View
                style={
                  Object {
                    "width": "80%",
                  }
                }
              >
                <Text
                  numberOfLines={1}
                  style={
                    Array [
                      Object {
                        "fontSize": 30,
                      },
                      Object {
                        "color": "#383B62",
                        "fontFamily": "Open Sans",
                      },
                      Array [
                        Object {
                          "marginLeft": 9,
                        },
                      ],
                    ]
                  }
                >
                  settings.accounts.accounts-button
                </Text>
              </View>
              <View
                style={
                  Object {
                    "alignItems": "flex-end",
                    "flex": 1,
                  }
                }
              >
                <View
                  style={
                    Object {
                      "transform": Array [
                        Object {
                          "rotate": "0deg",
                        },
                      ],
                    }
                  }
                >
                  <View
                    style={
                      Object {
                        "transform": Array [
                          Object {
                            "scale": 1,
                          },
                        ],
                      }
                    }
                  >
                    <RNSVGMock
                      fill="#393C63"
                      height={20}
                      viewBox="0 0 24 24"
                      width={20}
                    />
                  </View>
                </View>
              </View>
            </View>
            <RCTScrollView
              nestedScrollEnabled={true}
              scrollEventThrottle={0.0001}
              showsVerticalScrollIndicator={false}
              style={
                Object {
                  "borderBottomLeftRadius": 14,
                  "borderBottomRightRadius": 14,
                  "maxHeight": 0,
                }
              }
            >
              <View />
            </RCTScrollView>
          </View>
          <View
            style={
              Array [
                Object {
                  "marginTop": 24,
                },
                Object {
                  "marginHorizontal": 16,
                },
                Object {
                  "backgroundColor": "white",
                  "borderRadius": 14,
                },
              ]
            }
          >
            <View
              accessible={true}
              focusable={true}
              onClick={[Function]}
              onResponderGrant={[Function]}
              onResponderMove={[Function]}
              onResponderRelease={[Function]}
              onResponderTerminate={[Function]}
              onResponderTerminationRequest={[Function]}
              onStartShouldSetResponder={[Function]}
              style={
                Object {
                  "alignItems": "center",
                  "flexDirection": "row",
                  "height": 48,
                  "justifyContent": "space-between",
                  "opacity": 1,
                  "padding": 12,
                }
              }
            >
              <View
                style={
                  Object {
                    "width": "75%",
                  }
                }
              >
                <Text
                  numberOfLines={1}
                  style={
                    Array [
                      Object {
                        "fontSize": 30,
                      },
                      Object {
                        "color": "#383B62",
                        "fontFamily": "Open Sans",
                      },
                      Array [
                        Object {
                          "marginLeft": 9,
                        },
                      ],
                    ]
                  }
                >
                  settings.accounts.create-button
                </Text>
              </View>
              <View
                style={
                  Object {
                    "transform": Array [
                      Object {
                        "scale": 1,
                      },
                    ],
                  }
                }
              >
                <RNSVGMock
                  fill="#393C63"
                  height={20}
                  viewBox="0 0 24 24"
                  width={20}
                />
              </View>
            </View>
            <View
              style={
                Object {
                  "backgroundColor": "#EDF1F7",
                  "height": 1,
                }
              }
            />
            <View
              accessible={true}
              focusable={true}
              onClick={[Function]}
              onResponderGrant={[Function]}
              onResponderMove={[Function]}
              onResponderRelease={[Function]}
              onResponderTerminate={[Function]}
              onResponderTerminationRequest={[Function]}
              onStartShouldSetResponder={[Function]}
              style={
                Object {
                  "alignItems": "center",
                  "flexDirection": "row",
                  "height": 48,
                  "justifyContent": "space-between",
                  "opacity": 1,
                  "padding": 12,
                }
              }
            >
              <View
                style={
                  Object {
                    "width": "75%",
                  }
                }
              >
                <Text
                  numberOfLines={1}
                  style={
                    Array [
                      Object {
                        "fontSize": 30,
                      },
                      Object {
                        "color": "#383B62",
                        "fontFamily": "Open Sans",
                      },
                      Array [
                        Object {
                          "marginLeft": 9,
                        },
                      ],
                    ]
                  }
                >
                  settings.accounts.import-button
                </Text>
              </View>
              <View
                style={
                  Object {
                    "transform": Array [
                      Object {
                        "scale": 1,
                      },
                    ],
                  }
                }
              >
                <RNSVGMock
                  fill="#393C63"
                  height={20}
                  viewBox="0 0 24 24"
                  width={20}
                />
              </View>
            </View>
          </View>
          <View
            style={
              Array [
                Object {
                  "marginTop": 24,
                },
                Object {
                  "marginHorizontal": 16,
                },
                Object {
                  "backgroundColor": "white",
                  "borderRadius": 14,
                },
              ]
            }
          >
            <View
              accessible={true}
              focusable={true}
              onClick={[Function]}
              onResponderGrant={[Function]}
              onResponderMove={[Function]}
              onResponderRelease={[Function]}
              onResponderTerminate={[Function]}
              onResponderTerminationRequest={[Function]}
              onStartShouldSetResponder={[Function]}
              style={
                Object {
                  "alignItems": "center",
                  "flexDirection": "row",
                  "height": 48,
                  "justifyContent": "space-between",
                  "opacity": 1,
                  "padding": 12,
                }
              }
            >
              <View
                style={
                  Object {
                    "width": "75%",
                  }
                }
              >
                <Text
                  numberOfLines={1}
                  style={
                    Array [
                      Object {
                        "fontSize": 30,
                      },
                      Object {
                        "color": "#383B62",
                        "fontFamily": "Open Sans",
                      },
                      Array [
                        Object {
                          "marginLeft": 9,
                        },
                      ],
                    ]
                  }
                >
                  settings.accounts.delete-button
                </Text>
              </View>
              <View
                style={
                  Object {
                    "transform": Array [
                      Object {
                        "scale": 1,
                      },
                    ],
                  }
                }
              >
                <RNSVGMock
                  fill="#393C63"
                  height={20}
                  viewBox="0 0 24 24"
                  width={20}
                />
              </View>
            </View>
          </View>
        </View>
      </RCTScrollView>
    </View>
  </View>
</RNCSafeAreaProvider>
`;
